/home/panuwat/project/model/segformer/venv/lib64/python3.10/site-packages/mmcv/cnn/bricks/transformer.py:33: UserWarning: Fail to import ``MultiScaleDeformableAttention`` from ``mmcv.ops.multi_scale_deform_attn``, You should install ``mmcv`` rather than ``mmcv-lite`` if you need this module. 
  warnings.warn('Fail to import ``MultiScaleDeformableAttention`` from '
/home/panuwat/project/model/segformer/library/mmsegmentation/mmseg/models/decode_heads/decode_head.py:120: UserWarning: For binary segmentation, we suggest using`out_channels = 1` to define the outputchannels of segmentor, and use `threshold`to convert `seg_logits` into a predictionapplying a threshold
  warnings.warn('For binary segmentation, we suggest using'
/home/panuwat/project/model/segformer/export_onnx_dynamic.py:105: UserWarning: # 'dynamic_axes' is not recommended when dynamo=True, and may lead to 'torch._dynamo.exc.UserError: Constraints violated.' Supply the 'dynamic_shapes' argument instead if export is unsuccessful.
  torch.onnx.export(
W0925 23:23:33.317000 1177249 venv/lib/python3.10/site-packages/torch/onnx/_internal/exporter/_compat.py:133] Setting ONNX exporter to use operator set version 18 because the requested opset_version 17 is a lower version than we have implementations for. Automatic version conversion will be performed, which may not be successful at converting to the requested version. If version conversion is unsuccessful, the opset version of the exported model will be kept at 18. Please consider setting opset_version >=18 to leverage latest ONNX features
/usr/lib64/python3.10/copyreg.py:101: FutureWarning: `isinstance(treespec, LeafSpec)` is deprecated, use `isinstance(treespec, TreeSpec) and treespec.is_leaf()` instead.
  return cls.__new__(cls, *args)
The model version conversion is not supported by the onnxscript version converter and fallback is enabled. The model will be converted using the onnx C API (target version: 17).
Failed to convert the model to the target version 17 using the ONNX C API. The model was not modified
Traceback (most recent call last):
  File "/home/panuwat/project/model/segformer/venv/lib64/python3.10/site-packages/onnxscript/version_converter/__init__.py", line 137, in call
    converted_proto = _c_api_utils.call_onnx_api(
  File "/home/panuwat/project/model/segformer/venv/lib64/python3.10/site-packages/onnxscript/version_converter/_c_api_utils.py", line 65, in call_onnx_api
    result = func(proto)
  File "/home/panuwat/project/model/segformer/venv/lib64/python3.10/site-packages/onnxscript/version_converter/__init__.py", line 132, in _partial_convert_version
    return onnx.version_converter.convert_version(
  File "/home/panuwat/project/model/segformer/venv/lib64/python3.10/site-packages/onnx/version_converter.py", line 39, in convert_version
    converted_model_str = C.convert_version(model_str, target_version)
RuntimeError: /project/onnx/version_converter/BaseConverter.h:64: adapter_lookup: Assertion `false` failed: No Adapter To Version $17 for Resize
Skipping constant folding for op Split with multiple outputs.
Skipping constant folding for op Split with multiple outputs.
Skipping constant folding for op Split with multiple outputs.
Skipping constant folding for op Split with multiple outputs.
Skipping constant folding for op Split with multiple outputs.
Skipping constant folding for op Split with multiple outputs.
Skipping constant folding for op Split with multiple outputs.
Skipping constant folding for op Split with multiple outputs.
Skipping constant folding for op Split with multiple outputs.
Skipping constant folding for op Split with multiple outputs.
Skipping constant folding for op Split with multiple outputs.
Skipping constant folding for op Split with multiple outputs.
Skipping constant folding for op Split with multiple outputs.
Skipping constant folding for op Split with multiple outputs.
Skipping constant folding for op Split with multiple outputs.
Skipping constant folding for op Split with multiple outputs.
Skipping constant folding for op Split with multiple outputs.
Skipping constant folding for op Split with multiple outputs.
Skipping constant folding for op Split with multiple outputs.
Skipping constant folding for op Split with multiple outputs.
Skipping constant folding for op Split with multiple outputs.
Skipping constant folding for op Split with multiple outputs.
Skipping constant folding for op Split with multiple outputs.
Skipping constant folding for op Split with multiple outputs.
Skipping constant folding for op Split with multiple outputs.
Skipping constant folding for op Split with multiple outputs.
Skipping constant folding for op Split with multiple outputs.
Skipping constant folding for op Split with multiple outputs.
Skipping constant folding for op Split with multiple outputs.
Skipping constant folding for op Split with multiple outputs.
Skipping constant folding for op Split with multiple outputs.
Skipping constant folding for op Split with multiple outputs.
Loads checkpoint by local backend from path: work_dirs/v1.0.8/best_mIoU_iter_207500.pth
[torch.onnx] Obtain model graph for `ONNXWrapper([...]` with `torch.export.export(..., strict=False)`...
[torch.onnx] Obtain model graph for `ONNXWrapper([...]` with `torch.export.export(..., strict=False)`... ✅
[torch.onnx] Run decompositions...
[torch.onnx] Run decompositions... ✅
[torch.onnx] Translate the graph into ONNX...
[torch.onnx] Translate the graph into ONNX... ✅
[torch.onnx] Optimize the ONNX graph...
[torch.onnx] Optimize the ONNX graph... ✅
Export สำเร็จและตรวจสอบแล้ว: work_dirs/v1.0.8/segformer_v1_0_8_dynamic.onnx
Input: [1, 3, height, width] (normalized RGB, NCHW) — dynamic H/W
