extra cache: +7394 rows from /run/media/panuwat/USB/model/Det-Head/manifests/det-train-v4-webshot.csv
arch=spatial_pyramid params=2797825 tokens=64 train=25000 (subsample) val=11972 screening=True device=cuda
epoch 1/12 val_loss=0.3959 val_acc=0.7942 (41s)
epoch 2/12 val_loss=0.3992 val_acc=0.8058 (82s)
epoch 3/12 val_loss=0.3816 val_acc=0.8021 (124s)
epoch 4/12 val_loss=0.3655 val_acc=0.8219 (166s)
epoch 5/12 val_loss=0.3713 val_acc=0.8245 (207s)
epoch 6/12 val_loss=0.3844 val_acc=0.8267 (249s)
epoch 7/12 val_loss=0.3645 val_acc=0.8171 (291s)
epoch 8/12 val_loss=0.3642 val_acc=0.8251 (334s)
epoch 9/12 val_loss=0.3754 val_acc=0.8157 (377s)
epoch 10/12 val_loss=0.3575 val_acc=0.8345 (420s)
epoch 11/12 val_loss=0.3518 val_acc=0.8278 (464s)
epoch 12/12 val_loss=0.3814 val_acc=0.8136 (508s)
{
  "best_val_acc": 0.8345305713331106,
  "best_epoch": 10,
  "val_f1": 0.827363834422658,
  "val_roc_auc": 0.9194277174000407,
  "val_average_precision": 0.9304531888036291
}
