extra cache: +7394 rows from /home/panuwat/Pictures/Det-Head/manifests/det-train-v4-webshot.csv
extra cache: +125 rows from /home/panuwat/Pictures/Det-Head/manifests/det-train-v5-camera.csv
arch=token_stats params=401665 tokens=64 train=103154 (full) val=11972 screening=False device=cuda
epoch 1/30 val_loss=0.3623 val_acc=0.8242 (151s)
epoch 2/30 val_loss=0.3553 val_acc=0.8291 (299s)
epoch 3/30 val_loss=0.3416 val_acc=0.8335 (452s)
epoch 4/30 val_loss=0.3368 val_acc=0.8356 (606s)
epoch 5/30 val_loss=0.3304 val_acc=0.8404 (756s)
epoch 6/30 val_loss=0.3309 val_acc=0.8436 (931s)
epoch 7/30 val_loss=0.3238 val_acc=0.8445 (1098s)
epoch 8/30 val_loss=0.3205 val_acc=0.8452 (1258s)
epoch 9/30 val_loss=0.3136 val_acc=0.8508 (1417s)
epoch 10/30 val_loss=0.3161 val_acc=0.8491 (1574s)
epoch 11/30 val_loss=0.3213 val_acc=0.8465 (1729s)
epoch 12/30 val_loss=0.3104 val_acc=0.8524 (1882s)
epoch 13/30 val_loss=0.3092 val_acc=0.8528 (2037s)
epoch 14/30 val_loss=0.3113 val_acc=0.8516 (2204s)
epoch 15/30 val_loss=0.3115 val_acc=0.8517 (2364s)
epoch 16/30 val_loss=0.3093 val_acc=0.8526 (2514s)
epoch 17/30 val_loss=0.3173 val_acc=0.8466 (2636s)
epoch 18/30 val_loss=0.3073 val_acc=0.8555 (2781s)
epoch 19/30 val_loss=0.3036 val_acc=0.8573 (2902s)
epoch 20/30 val_loss=0.2992 val_acc=0.8574 (3016s)
epoch 21/30 val_loss=0.3046 val_acc=0.8567 (3129s)
epoch 22/30 val_loss=0.3023 val_acc=0.8567 (3242s)
epoch 23/30 val_loss=0.3122 val_acc=0.8539 (3356s)
epoch 24/30 val_loss=0.3086 val_acc=0.8567 (3466s)
epoch 25/30 val_loss=0.3096 val_acc=0.8533 (3573s)
epoch 26/30 val_loss=0.2994 val_acc=0.8612 (3681s)
epoch 27/30 val_loss=0.3024 val_acc=0.8600 (3792s)
epoch 28/30 val_loss=0.3026 val_acc=0.8627 (3902s)
epoch 29/30 val_loss=0.3099 val_acc=0.8565 (4019s)
epoch 30/30 val_loss=0.3058 val_acc=0.8574 (4127s)
{
  "best_val_acc": 0.8626795856999666,
  "best_epoch": 28,
  "val_f1": 0.8600136239782017,
  "val_roc_auc": 0.9436773921059588,
  "val_average_precision": 0.9506378678229488
}
