arch=token_stats params=401665 tokens=64 train=24999 (subsample) val=11972 screening=True device=cuda
epoch 1/12 val_loss=0.4092 val_acc=0.7873 (42s)
epoch 2/12 val_loss=0.3849 val_acc=0.8055 (77s)
epoch 3/12 val_loss=0.3776 val_acc=0.8070 (105s)
epoch 4/12 val_loss=0.3677 val_acc=0.8173 (131s)
epoch 5/12 val_loss=0.3704 val_acc=0.8122 (146s)
epoch 6/12 val_loss=0.3689 val_acc=0.8110 (157s)
epoch 7/12 val_loss=0.3659 val_acc=0.8185 (198s)
epoch 8/12 val_loss=0.3511 val_acc=0.8256 (241s)
epoch 9/12 val_loss=0.3544 val_acc=0.8228 (281s)
epoch 10/12 val_loss=0.3470 val_acc=0.8285 (325s)
epoch 11/12 val_loss=0.3646 val_acc=0.8229 (361s)
epoch 12/12 val_loss=0.3530 val_acc=0.8291 (403s)
{
  "best_val_acc": 0.8291012362178416,
  "best_epoch": 12,
  "val_f1": null,
  "val_roc_auc": null,
  "val_average_precision": null
}
