extra cache: +7394 rows from /run/media/panuwat/USB/model/Det-Head/manifests/det-train-v4-webshot.csv
arch=token_stats params=401665 tokens=64 train=25000 (subsample) val=11972 screening=True device=cuda
epoch 1/12 val_loss=0.4145 val_acc=0.7939 (29s)
epoch 2/12 val_loss=0.3908 val_acc=0.8112 (56s)
epoch 3/12 val_loss=0.3783 val_acc=0.8194 (87s)
epoch 4/12 val_loss=0.3700 val_acc=0.8218 (115s)
epoch 5/12 val_loss=0.3705 val_acc=0.8221 (144s)
epoch 6/12 val_loss=0.3639 val_acc=0.8244 (173s)
epoch 7/12 val_loss=0.3692 val_acc=0.8243 (199s)
epoch 8/12 val_loss=0.3654 val_acc=0.8241 (226s)
epoch 9/12 val_loss=0.3593 val_acc=0.8255 (252s)
epoch 10/12 val_loss=0.3609 val_acc=0.8232 (281s)
epoch 11/12 val_loss=0.3525 val_acc=0.8340 (308s)
epoch 12/12 val_loss=0.3615 val_acc=0.8280 (338s)
{
  "best_val_acc": 0.834029401937855,
  "best_epoch": 11,
  "val_f1": 0.8312813110299738,
  "val_roc_auc": 0.9192939829078836,
  "val_average_precision": 0.9305311311498381
}
