extra cache: +7394 rows from /run/media/panuwat/USB/model/Det-Head/manifests/det-train-v4-webshot.csv
arch=spatial_pyramid params=2797825 tokens=64 train=25000 (subsample) val=11972 screening=True device=cuda
epoch 1/12 val_loss=0.3760 val_acc=0.8232 (29s)
epoch 2/12 val_loss=0.3662 val_acc=0.8245 (59s)
epoch 3/12 val_loss=0.3533 val_acc=0.8281 (85s)
epoch 4/12 val_loss=0.3660 val_acc=0.8212 (112s)
epoch 5/12 val_loss=0.3477 val_acc=0.8355 (141s)
epoch 6/12 val_loss=0.3467 val_acc=0.8339 (168s)
epoch 7/12 val_loss=0.3497 val_acc=0.8375 (195s)
epoch 8/12 val_loss=0.3452 val_acc=0.8330 (221s)
epoch 9/12 val_loss=0.3663 val_acc=0.8279 (249s)
epoch 10/12 val_loss=0.3652 val_acc=0.8252 (277s)
epoch 11/12 val_loss=0.3709 val_acc=0.8286 (304s)
early stop best=0.8375 epoch=7
{
  "best_val_acc": 0.8375375877046441,
  "best_epoch": 7,
  "val_f1": 0.828890648368083,
  "val_roc_auc": 0.9232040562854765,
  "val_average_precision": 0.9337337441272519
}
